#! /c/Source/iverilog-install/bin/vvp
:ivl_version "12.0 (devel)" "(s20150603-1539-g2693dd32b)";
:ivl_delay_selection "TYPICAL";
:vpi_time_precision - 12;
:vpi_module "C:\iverilog\lib\ivl\system.vpi";
:vpi_module "C:\iverilog\lib\ivl\vhdl_sys.vpi";
:vpi_module "C:\iverilog\lib\ivl\vhdl_textio.vpi";
:vpi_module "C:\iverilog\lib\ivl\v2005_math.vpi";
:vpi_module "C:\iverilog\lib\ivl\va_math.vpi";
S_00000167532cd520 .scope module, "usr_tb" "usr_tb" 2 3;
 .timescale -9 -12;
v00000167532caba0_0 .var "clk", 0 0;
v00000167532cac40_0 .var "p_in", 3 0;
v00000167532cace0_0 .net "q_out", 3 0, v00000167532cd840_0;  1 drivers
v00000167532cad80_0 .var "reset", 0 0;
v0000016753313190_0 .var "s_in_l", 0 0;
v0000016753313230_0 .var "s_in_r", 0 0;
v00000167533132d0_0 .var "sel", 1 0;
S_00000167532cd6b0 .scope module, "uut" "universal_shift_register" 2 11, 3 1 0, S_00000167532cd520;
 .timescale 0 0;
    .port_info 0 /INPUT 1 "clk";
    .port_info 1 /INPUT 1 "reset";
    .port_info 2 /INPUT 2 "select";
    .port_info 3 /INPUT 4 "parallel_in";
    .port_info 4 /INPUT 1 "serial_in_left";
    .port_info 5 /INPUT 1 "serial_in_right";
    .port_info 6 /OUTPUT 4 "q";
v00000167532e2f80_0 .net "clk", 0 0, v00000167532caba0_0;  1 drivers
v00000167532c9410_0 .net "parallel_in", 3 0, v00000167532cac40_0;  1 drivers
v00000167532cd840_0 .var "q", 3 0;
v00000167532cd8e0_0 .net "reset", 0 0, v00000167532cad80_0;  1 drivers
v00000167532cbdf0_0 .net "select", 1 0, v00000167533132d0_0;  1 drivers
v00000167532cbe90_0 .net "serial_in_left", 0 0, v0000016753313190_0;  1 drivers
v00000167532cab00_0 .net "serial_in_right", 0 0, v0000016753313230_0;  1 drivers
E_00000167532cc5c0 .event posedge, v00000167532cd8e0_0, v00000167532e2f80_0;
    .scope S_00000167532cd6b0;
T_0 ;
    %wait E_00000167532cc5c0;
    %load/vec4 v00000167532cd8e0_0;
    %flag_set/vec4 8;
    %jmp/0xz  T_0.0, 8;
    %pushi/vec4 0, 0, 4;
    %assign/vec4 v00000167532cd840_0, 0;
    %jmp T_0.1;
T_0.0 ;
    %load/vec4 v00000167532cbdf0_0;
    %dup/vec4;
    %pushi/vec4 0, 0, 2;
    %cmp/u;
    %jmp/1 T_0.2, 6;
    %dup/vec4;
    %pushi/vec4 1, 0, 2;
    %cmp/u;
    %jmp/1 T_0.3, 6;
    %dup/vec4;
    %pushi/vec4 2, 0, 2;
    %cmp/u;
    %jmp/1 T_0.4, 6;
    %dup/vec4;
    %pushi/vec4 3, 0, 2;
    %cmp/u;
    %jmp/1 T_0.5, 6;
    %jmp T_0.6;
T_0.2 ;
    %load/vec4 v00000167532cd840_0;
    %assign/vec4 v00000167532cd840_0, 0;
    %jmp T_0.6;
T_0.3 ;
    %load/vec4 v00000167532cab00_0;
    %load/vec4 v00000167532cd840_0;
    %parti/s 3, 1, 2;
    %concat/vec4; draw_concat_vec4
    %assign/vec4 v00000167532cd840_0, 0;
    %jmp T_0.6;
T_0.4 ;
    %load/vec4 v00000167532cd840_0;
    %parti/s 3, 0, 2;
    %load/vec4 v00000167532cbe90_0;
    %concat/vec4; draw_concat_vec4
    %assign/vec4 v00000167532cd840_0, 0;
    %jmp T_0.6;
T_0.5 ;
    %load/vec4 v00000167532c9410_0;
    %assign/vec4 v00000167532cd840_0, 0;
    %jmp T_0.6;
T_0.6 ;
    %pop/vec4 1;
T_0.1 ;
    %jmp T_0;
    .thread T_0;
    .scope S_00000167532cd520;
T_1 ;
    %pushi/vec4 0, 0, 1;
    %store/vec4 v00000167532caba0_0, 0, 1;
T_1.0 ;
    %delay 5000, 0;
    %load/vec4 v00000167532caba0_0;
    %inv;
    %store/vec4 v00000167532caba0_0, 0, 1;
    %jmp T_1.0;
    %end;
    .thread T_1;
    .scope S_00000167532cd520;
T_2 ;
    %vpi_call 2 26 "$dumpfile", "usr_result.vcd" {0 0 0};
    %vpi_call 2 27 "$dumpvars", 32'sb00000000000000000000000000000000, S_00000167532cd520 {0 0 0};
    %pushi/vec4 1, 0, 1;
    %store/vec4 v00000167532cad80_0, 0, 1;
    %delay 15000, 0;
    %pushi/vec4 0, 0, 1;
    %store/vec4 v00000167532cad80_0, 0, 1;
    %pushi/vec4 3, 0, 2;
    %store/vec4 v00000167533132d0_0, 0, 2;
    %pushi/vec4 10, 0, 4;
    %store/vec4 v00000167532cac40_0, 0, 4;
    %delay 10000, 0;
    %pushi/vec4 0, 0, 2;
    %store/vec4 v00000167533132d0_0, 0, 2;
    %delay 20000, 0;
    %pushi/vec4 1, 0, 2;
    %store/vec4 v00000167533132d0_0, 0, 2;
    %pushi/vec4 1, 0, 1;
    %store/vec4 v0000016753313230_0, 0, 1;
    %delay 10000, 0;
    %delay 10000, 0;
    %pushi/vec4 2, 0, 2;
    %store/vec4 v00000167533132d0_0, 0, 2;
    %pushi/vec4 1, 0, 1;
    %store/vec4 v0000016753313190_0, 0, 1;
    %delay 10000, 0;
    %delay 10000, 0;
    %vpi_call 2 42 "$display", "Simulasyon tamamlandi. GTKWave ile vcd dosyasini inceleyin." {0 0 0};
    %vpi_call 2 43 "$finish" {0 0 0};
    %end;
    .thread T_2;
# The file index is used to find the file name in the following table.
:file_names 4;
    "N/A";
    "<interactive>";
    "usr_tb.v";
    "usr.v";
